[2026-06-08T14:10:05.573Z] Starting dev server with command: pnpm run dev
[2026-06-08T14:10:08.140Z] > newtech-shopping-site@1.0.0 dev /home/ubuntu/newtech-shopping-site
[2026-06-08T14:10:08.140Z] > NODE_ENV=development tsx watch server/_core/index.ts
[2026-06-08T14:10:09.909Z] [OAuth] Initialized with baseURL: https://api.manus.im
[2026-06-08T14:10:10.168Z] Server running on http://localhost:3000/
[2026-06-08T14:13:45.054Z] 2:13:45 PM [vite] (client) page reload index.html
[2026-06-08T14:14:11.863Z] 2:14:11 PM [tsx] change in ./drizzle/schema.ts Restarting...
[2026-06-08T14:14:11.896Z] c
[2026-06-08T14:14:13.763Z] [OAuth] Initialized with baseURL: https://api.manus.im
[2026-06-08T14:14:14.057Z] Server running on http://localhost:3000/
[2026-06-08T14:14:52.172Z] 2:14:52 PM [tsx] change in ./server/db.ts Restarting...
[2026-06-08T14:14:52.208Z] c
[2026-06-08T14:14:53.905Z] [OAuth] Initialized with baseURL: https://api.manus.im
[2026-06-08T14:14:54.124Z] Server running on http://localhost:3000/
[2026-06-08T14:17:06.822Z] 2:17:06 PM [tsx] change in ./server/routers.ts Restarting...
[2026-06-08T14:17:06.843Z] c
[2026-06-08T14:17:08.957Z] [OAuth] Initialized with baseURL: https://api.manus.im
[2026-06-08T14:17:09.230Z] Server running on http://localhost:3000/
[2026-06-08T14:17:13.778Z] [baseline-browser-mapping] The data in this module is over two months old.  To ensure accurate Baseline data, please update: `npm i baseline-browser-mapping@latest -D`
[2026-06-08T14:17:17.060Z] 2:17:17 PM [vite] (client) ✨ new dependencies optimized: @radix-ui/react-dialog
[2026-06-08T14:17:17.060Z] 2:17:17 PM [vite] (client) ✨ optimized dependencies changed. reloading
[2026-06-08T14:19:24.458Z] 2:19:24 PM [vite] (client) hmr update /src/pages/Home.tsx, /src/index.css
[2026-06-08T14:19:29.357Z] 2:19:29 PM [vite] (client) hmr update /src/pages/About.tsx, /src/index.css
[2026-06-08T14:32:51.153Z] 2:32:51 PM [tsx] change in ./drizzle/schema.ts Restarting...
[2026-06-08T14:32:51.196Z] c
[2026-06-08T14:32:53.178Z] [OAuth] Initialized with baseURL: https://api.manus.im
[2026-06-08T14:32:53.480Z] Server running on http://localhost:3000/
[2026-06-08T14:33:33.066Z] 2:33:33 PM [tsx] change in ./server/db.ts Restarting...
[2026-06-08T14:33:33.096Z] c
[2026-06-08T14:33:34.877Z] [OAuth] Initialized with baseURL: https://api.manus.im
[2026-06-08T14:33:35.122Z] Server running on http://localhost:3000/
[2026-06-08T14:34:58.404Z] [baseline-browser-mapping] The data in this module is over two months old.  To ensure accurate Baseline data, please update: `npm i baseline-browser-mapping@latest -D`
[2026-06-08T14:35:33.224Z] 2:35:33 PM [vite] (client) hmr update /src/App.tsx, /src/index.css
[2026-06-08T14:44:56.174Z] 2:44:56 PM [vite] (client) hmr update /src/index.css, /src/pages/AdminPanel.tsx
[2026-06-08T14:44:56.175Z] 2:44:56 PM [vite] (client) hmr update /src/index.css
[2026-06-08T14:44:56.176Z] 2:44:56 PM [vite] (client) hmr update /src/index.css
[2026-06-08T14:44:56.176Z] 2:44:56 PM [vite] (client) hmr update /src/index.css
[2026-06-08T14:44:56.177Z] 2:44:56 PM [vite] (client) hmr update /src/index.css
[2026-06-08T14:44:56.177Z] 2:44:56 PM [vite] (client) hmr update /src/index.css
[2026-06-08T14:44:56.178Z] 2:44:56 PM [vite] (client) hmr update /src/index.css
[2026-06-08T14:44:56.178Z] 2:44:56 PM [vite] (client) hmr update /src/index.css
[2026-06-08T14:44:56.179Z] 2:44:56 PM [vite] (client) hmr update /src/index.css
[2026-06-08T14:44:56.180Z] 2:44:56 PM [vite] (client) hmr update /src/index.css, /src/components/ui/button.tsx
[2026-06-08T14:44:56.180Z] 2:44:56 PM [vite] (client) hmr update /src/index.css
[2026-06-08T14:44:56.181Z] 2:44:56 PM [vite] (client) hmr update /src/index.css, /src/components/ui/card.tsx
[2026-06-08T14:44:56.181Z] 2:44:56 PM [vite] (client) hmr update /src/index.css
[2026-06-08T14:44:56.182Z] 2:44:56 PM [vite] (client) hmr update /src/index.css
[2026-06-08T14:44:56.182Z] 2:44:56 PM [vite] (client) hmr update /src/index.css
[2026-06-08T14:44:56.182Z] 2:44:56 PM [vite] (client) hmr update /src/index.css
[2026-06-08T14:44:56.183Z] 2:44:56 PM [vite] (client) hmr update /src/index.css
[2026-06-08T14:44:56.183Z] 2:44:56 PM [vite] (client) hmr update /src/index.css
[2026-06-08T14:44:56.184Z] 2:44:56 PM [vite] (client) hmr update /src/index.css, /src/components/ui/dialog.tsx
[2026-06-08T14:44:56.184Z] 2:44:56 PM [vite] (client) hmr update /src/index.css
[2026-06-08T14:44:56.184Z] 2:44:56 PM [vite] (client) hmr update /src/index.css
[2026-06-08T14:44:56.185Z] 2:44:56 PM [vite] (client) hmr update /src/index.css
[2026-06-08T14:44:56.185Z] 2:44:56 PM [vite] (client) hmr update /src/index.css
[2026-06-08T14:44:56.186Z] 2:44:56 PM [vite] (client) hmr update /src/index.css
[2026-06-08T14:44:56.186Z] 2:44:56 PM [vite] (client) hmr update /src/index.css
[2026-06-08T14:44:56.186Z] 2:44:56 PM [vite] (client) hmr update /src/index.css
[2026-06-08T14:44:56.187Z] 2:44:56 PM [vite] (client) hmr update /src/index.css
[2026-06-08T14:44:56.187Z] 2:44:56 PM [vite] (client) hmr update /src/index.css, /src/components/ui/input.tsx
[2026-06-08T14:44:56.188Z] 2:44:56 PM [vite] (client) hmr update /src/index.css
[2026-06-08T14:44:56.189Z] 2:44:56 PM [vite] (client) hmr update /src/index.css
[2026-06-08T14:44:56.189Z] 2:44:56 PM [vite] (client) hmr update /src/index.css
[2026-06-08T14:44:56.189Z] 2:44:56 PM [vite] (client) hmr update /src/index.css
[2026-06-08T14:44:56.190Z] 2:44:56 PM [vite] (client) hmr update /src/index.css
[2026-06-08T14:44:56.190Z] 2:44:56 PM [vite] (client) hmr update /src/index.css
[2026-06-08T14:44:56.191Z] 2:44:56 PM [vite] (client) hmr update /src/index.css
[2026-06-08T14:44:56.191Z] 2:44:56 PM [vite] (client) hmr update /src/contexts/ThemeContext.tsx, /src/index.css
[2026-06-08T14:44:56.192Z] 2:44:56 PM [vite] (client) hmr update /src/index.css, /src/components/ui/input.tsx
[2026-06-08T14:44:56.192Z] 2:44:56 PM [vite] (client) hmr update /src/index.css
[2026-06-08T14:44:56.193Z] 2:44:56 PM [vite] (client) hmr update /src/index.css, /src/components/ui/input.tsx
[2026-06-08T14:44:56.193Z] 2:44:56 PM [vite] (client) page reload src/lib/trpc.ts
[2026-06-08T14:44:56.194Z] 2:44:56 PM [vite] (client) hmr update /src/index.css, /src/components/ErrorBoundary.tsx, /src/components/ui/tooltip.tsx, /src/components/ui/button.tsx, /src/components/ui/card.tsx, /src/components/ui/input.tsx, /src/components/ui/dialog.tsx
[2026-06-08T14:44:56.194Z] 2:44:56 PM [vite] (client) hmr update /src/index.css
[2026-06-08T14:44:56.196Z] 2:44:56 PM [vite] (client) page reload index.html
[2026-06-08T14:44:56.197Z] 2:44:56 PM [vite] (client) hmr update /src/App.tsx, /src/index.css
[2026-06-08T14:44:56.197Z] 2:44:56 PM [vite] (client) page reload src/const.ts
[2026-06-08T14:44:56.198Z] 2:44:56 PM [vite] (client) hmr update /src/index.css
[2026-06-08T14:44:56.198Z] 2:44:56 PM [vite] (client) page reload src/main.tsx
[2026-06-08T14:44:56.199Z] 2:44:56 PM [vite] (client) hmr update /src/index.css
[2026-06-08T14:44:56.199Z] 2:44:56 PM [vite] (client) hmr update /src/index.css
[2026-06-08T14:44:56.200Z] 2:44:56 PM [vite] (client) hmr update /src/index.css
[2026-06-08T14:44:56.200Z] 2:44:56 PM [vite] (client) hmr update /src/components/ErrorBoundary.tsx, /src/index.css
[2026-06-08T14:44:56.201Z] 2:44:56 PM [vite] (client) hmr update /src/index.css
[2026-06-08T14:44:56.201Z] 2:44:56 PM [vite] (client) hmr update /src/index.css
[2026-06-08T14:44:56.201Z] 2:44:56 PM [vite] (client) hmr update /src/index.css
[2026-06-08T14:44:56.202Z] 2:44:56 PM [vite] (client) hmr update /src/index.css
[2026-06-08T14:44:56.210Z] 2:44:56 PM [vite] (client) hmr update /src/index.css
[2026-06-08T14:44:56.211Z] 2:44:56 PM [vite] (client) hmr update /src/index.css
[2026-06-08T14:44:56.211Z] 2:44:56 PM [vite] (client) hmr update /src/index.css
[2026-06-08T14:44:56.212Z] 2:44:56 PM [vite] (client) hmr update /src/index.css
[2026-06-08T14:44:56.212Z] 2:44:56 PM [vite] (client) hmr update /src/index.css
[2026-06-08T14:44:56.213Z] 2:44:56 PM [vite] (client) hmr update /src/index.css
[2026-06-08T14:44:56.213Z] 2:44:56 PM [vite] (client) hmr update /src/index.css
[2026-06-08T14:44:56.213Z] 2:44:56 PM [vite] (client) hmr update /src/index.css
[2026-06-08T14:44:56.214Z] 2:44:56 PM [vite] (client) hmr update /src/index.css
[2026-06-08T14:44:56.214Z] 2:44:56 PM [vite] (client) hmr update /src/index.css
[2026-06-08T14:44:56.215Z] 2:44:56 PM [vite] (client) hmr update /src/components/ui/sonner.tsx, /src/index.css
[2026-06-08T14:44:56.215Z] 2:44:56 PM [vite] (client) hmr update /src/index.css
[2026-06-08T14:44:56.215Z] 2:44:56 PM [vite] (client) hmr update /src/index.css
[2026-06-08T14:44:56.216Z] 2:44:56 PM [vite] (client) hmr update /src/index.css
[2026-06-08T14:44:56.216Z] 2:44:56 PM [vite] (client) hmr update /src/index.css
[2026-06-08T14:44:56.217Z] 2:44:56 PM [vite] (client) hmr update /src/index.css
[2026-06-08T14:44:56.217Z] 2:44:56 PM [vite] (client) hmr update /src/index.css
[2026-06-08T14:44:56.217Z] 2:44:56 PM [vite] (client) hmr update /src/index.css
[2026-06-08T14:44:56.218Z] 2:44:56 PM [vite] (client) hmr update /src/components/ui/tooltip.tsx, /src/index.css
[2026-06-08T14:44:56.220Z] 2:44:56 PM [vite] (client) hmr update /src/pages/Home.tsx, /src/index.css
[2026-06-08T14:44:56.220Z] 2:44:56 PM [vite] (client) hmr update /src/pages/NotFound.tsx, /src/index.css
[2026-06-08T14:44:56.258Z] 2:44:56 PM [vite] changed tsconfig file detected: /home/ubuntu/newtech-shopping-site/tsconfig.json - Clearing cache and forcing full-reload to ensure TypeScript is compiled with updated config values.
[2026-06-08T14:44:56.260Z] 2:44:56 PM [vite] (client) hmr update /src/index.css, /src/components/Navigation.tsx
[2026-06-08T14:44:56.260Z] 2:44:56 PM [vite] (client) hmr update /src/index.css
[2026-06-08T14:44:56.260Z] 2:44:56 PM [vite] (client) hmr update /src/contexts/CartContext.tsx, /src/index.css
[2026-06-08T14:44:56.260Z] 2:44:56 PM [vite] (client) hmr update /src/pages/About.tsx, /src/index.css
[2026-06-08T14:44:56.261Z] 2:44:56 PM [vite] (client) hmr update /src/pages/Contact.tsx, /src/index.css
[2026-06-08T14:44:56.261Z] 2:44:56 PM [vite] (client) hmr update /src/pages/Gallery.tsx, /src/index.css
[2026-06-08T14:44:56.261Z] 2:44:56 PM [vite] (client) hmr update /src/pages/ProductDetail.tsx, /src/index.css
[2026-06-08T14:44:56.261Z] 2:44:56 PM [vite] (client) hmr update /src/pages/Services.tsx, /src/index.css
[2026-06-08T14:44:56.261Z] 2:44:56 PM [vite] (client) hmr update /src/pages/Cart.tsx, /src/index.css
[2026-06-08T14:44:56.262Z] 2:44:56 PM [vite] (client) hmr update /src/index.css, /src/pages/AdminPanel.tsx
[2026-06-08T14:44:56.262Z] 2:44:56 PM [vite] (client) page reload /home/ubuntu/newtech-shopping-site/shared/const.ts
[2026-06-08T14:44:56.354Z] 2:44:56 PM [tsx] unlink in ./vite.config.ts Restarting...
[2026-06-08T14:44:56.375Z] c
[2026-06-08T14:44:57.932Z] [OAuth] Initialized with baseURL: https://api.manus.im
[2026-06-08T14:44:58.164Z] Server running on http://localhost:3000/
[2026-06-08T14:45:01.668Z] 2:45:01 PM [vite] (client) page reload index.html
[2026-06-08T14:45:01.742Z] 2:45:01 PM [tsx] change in ./server/routers.ts Restarting...
[2026-06-08T14:45:01.800Z] c
[2026-06-08T14:45:01.854Z] 2:45:01 PM [tsx] unlink in ./vite.config.ts Restarting...
[2026-06-08T14:45:01.857Z] c
[2026-06-08T14:45:02.128Z] node:internal/modules/run_main:122
[2026-06-08T14:45:02.128Z] triggerUncaughtException(
[2026-06-08T14:45:02.128Z] ^
[2026-06-08T14:45:02.129Z] Error [ERR_MODULE_NOT_FOUND]: Cannot find module '/home/ubuntu/newtech-shopping-site/server/_core/index.ts' imported from /home/ubuntu/newtech-shopping-site/
[2026-06-08T14:45:02.129Z] at finalizeResolution (node:internal/modules/esm/resolve:275:11)
[2026-06-08T14:45:02.129Z] at moduleResolve (node:internal/modules/esm/resolve:932:10)
[2026-06-08T14:45:02.129Z] at defaultResolve (node:internal/modules/esm/resolve:1056:11)
[2026-06-08T14:45:02.129Z] at nextResolve (node:internal/modules/esm/hooks:748:28)
[2026-06-08T14:45:02.129Z] at resolveBase (file:///home/ubuntu/newtech-shopping-site/node_modules/.pnpm/tsx@4.20.6/node_modules/tsx/dist/esm/index.mjs?1780929901991:2:3744)
[2026-06-08T14:45:02.129Z] at resolveDirectory (file:///home/ubuntu/newtech-shopping-site/node_modules/.pnpm/tsx@4.20.6/node_modules/tsx/dist/esm/index.mjs?1780929901991:2:4243)
[2026-06-08T14:45:02.129Z] at resolveTsPaths (file:///home/ubuntu/newtech-shopping-site/node_modules/.pnpm/tsx@4.20.6/node_modules/tsx/dist/esm/index.mjs?1780929901991:2:4984)
[2026-06-08T14:45:02.129Z] at resolve (file:///home/ubuntu/newtech-shopping-site/node_modules/.pnpm/tsx@4.20.6/node_modules/tsx/dist/esm/index.mjs?1780929901991:2:5361)
[2026-06-08T14:45:02.129Z] at nextResolve (node:internal/modules/esm/hooks:748:28)
[2026-06-08T14:45:02.129Z] at Hooks.resolve (node:internal/modules/esm/hooks:240:30) {
[2026-06-08T14:45:02.129Z] code: 'ERR_MODULE_NOT_FOUND',
[2026-06-08T14:45:02.129Z] url: 'file:///home/ubuntu/newtech-shopping-site/server/_core/index.ts'
[2026-06-08T14:45:02.129Z] }
[2026-06-08T14:45:02.129Z] Node.js v22.13.0
